---
source: basalt/src/note_editor/editor.rs
expression: terminal.backend()
---
"╭──────────────────────────────────────────────────────────────────────────────╮"
"│ Headings                                                                     │"
"│ ──────────────────────────────────────────────────────────────────────────── │"
"│ THIS IS A HEADING 1                                                          │"
"│ ════════════════════════════════════════════════════════════════════════════ │"
"│                                                                              │"
"│ This is a heading 2                                                          │"
"│ ──────────────────────────────────────────────────────────────────────────── │"
"│ ⬤  This is a heading 3                                                       │"
"│                                                                              │"
"│ ● This is a heading 4                                                        │"
"│                                                                              │"
"│ ◆ 𝓣𝓱𝓲𝓼 𝓲𝓼 𝓪 𝓱𝓮𝓪𝓭𝓲𝓷𝓰 𝟓                                                        │"
"│                                                                              │"
"│ ✺ 𝓣𝓱𝓲𝓼 𝓲𝓼 𝓪 𝓱𝓮𝓪𝓭𝓲𝓷𝓰 𝟔                                                        │"
"│                                                                              │"
"│                                                                              │"
"│                                                                              │"
"│                                                                              │"
"╰ READ ────────────────────────────────────────────────────────────────────────╯"
