---
source: basalt/src/note_editor/editor.rs
expression: terminal.backend()
---
"╭──────────────────────────────────────────────────────────────────────────────╮"
"│ 𝕋𝕖𝕤𝕥                                                                         │"
"│ ════════════════════════════════════════════════════════════════════════════ │"
"│                                                                              │"
"│ Lists                                                                        │"
"│ ──────────────────────────────────────────────────────────────────────────── │"
"│ You can create an unordered list by adding a -, *, or + before the text.     │"
"│                                                                              │"
"│ - First list item                                                            │"
"│ - Second list item                                                           │"
"│ - Third list item                                                            │"
"│                                                                              │"
"│ To create an ordered list, start each line with a number followed by         │"
"│  ⤷ a . symbol.                                                               │"
"│                                                                              │"
"│ 1. First list item                                                           │"
"│ 2. Second list item                                                          │"
"│ 3. Third list item                                                           │"
"│                                                                              │"
"╰ READ ────────────────────────────────────────────────────────────────────────╯"
