---
source: basalt/src/note_editor/parser.rs
expression: "format!(\"{}\\n ---\\n\\n{}\", text, ast::nodes_to_sexp(&from_str(text)))"
---
## Lists with line breaks
You can use line breaks within an ordered list without altering the numbering.

1. First list item

2. Second list item
3. Third list item

4. Fourth list item
5. Fifth list item
6. Sixth list item

 ---

(heading H2 @0..26
  "Lists with line breaks")
(paragraph @26..105
  "You can use line breaks within an ordered list without altering the numbering.")
(list Ordered(1) @106..224
  (item @106..126
  (paragraph @109..125
  "First list item"))
(item @126..146
  (paragraph @129..146
  "Second list item"))
(item @146..166
  (paragraph @149..165
  "Third list item"))
(item @166..186
  (paragraph @169..186
  "Fourth list item"))
(item @186..205
  (paragraph @189..205
  "Fifth list item"))
(item @205..224
  (paragraph @208..224
  "Sixth list item")))
