---
source: basalt/src/outline.rs
expression: terminal.backend()
---
"╭───────────────── ▶ Outline ╮"
"│                            │"
"│                            │"
"│                            │"
"│                            │"
"│                            │"
"│                            │"
"│                            │"
"│                            │"
"╰────────────────────────────╯"
