---
source: basalt/src/config.rs
expression: "format!(\"{:?}\", config)"
---
Config { global: ConfigSection { key_bindings: {"?": HelpModal(Toggle), "control-g": VaultSelectorModal(Toggle), "q": Quit} }, splash: ConfigSection { key_bindings: {"down": Splash(Down), "j": Splash(Down), "k": Splash(Up), "return": Splash(Open), "up": Splash(Up)} }, explorer: ConfigSection { key_bindings: {"control-b": Explorer(Toggle), "control-d": Explorer(ScrollDown(HalfPage)), "control-u": Explorer(ScrollUp(HalfPage)), "down": Explorer(Down), "j": Explorer(Down), "k": Explorer(Up), "return": Explorer(Open), "s": Explorer(Sort), "t": Explorer(Toggle), "tab": Explorer(SwitchPane), "up": Explorer(Up)} }, help_modal: ConfigSection { key_bindings: {"control-d": HelpModal(ScrollDown(HalfPage)), "control-u": HelpModal(ScrollUp(HalfPage)), "down": HelpModal(ScrollDown(One)), "esc": HelpModal(Close), "j": HelpModal(ScrollDown(One)), "k": HelpModal(ScrollUp(One)), "up": HelpModal(ScrollUp(One))} }, note_viewer: ConfigSection { key_bindings: {"control-b": NoteViewer(ToggleExplorer), "control-d": NoteViewer(ScrollDown(HalfPage)), "control-u": NoteViewer(ScrollUp(HalfPage)), "down": NoteViewer(ScrollDown(One)), "j": NoteViewer(ScrollDown(One)), "k": NoteViewer(ScrollUp(One)), "t": NoteViewer(ToggleExplorer), "tab": NoteViewer(SwitchPane), "up": NoteViewer(ScrollUp(One))} }, vault_selector_modal: ConfigSection { key_bindings: {"down": VaultSelectorModal(Down), "esc": VaultSelectorModal(Close), "j": VaultSelectorModal(Down), "k": VaultSelectorModal(Up), "return": VaultSelectorModal(Select), "up": VaultSelectorModal(Up)} } }
