---
source: basalt/src/outline.rs
expression: terminal.backend()
---
"╭───────────────── ▶ Outline ╮"
"│ ▾ Heading 1                │"
"│ │   Heading 2              │"
"│ │ ▾ Heading 2.1            │"
"│ │ │   Heading 2.1.1        │"
"│ │ │   Heading 2.1.2        │"
"│ │ ▾ Heading 2.2            │"
"│ │ │   Heading 3            │"
"│                            │"
"╰────────────────────────────╯"
